2024_05_23 14:34:40|